Category: 📺央视频道, Name: CCTV-1, Total: 2, Valid: 2, Valid Percent: 100.00%, Whitelist: 0, IPv4: 2, IPv6: 0, Min Delay: 363 ms, Max Speed: 1.90 M/s, Avg Speed: 1.90 M/s, Max Resolution: 1280x720
Category: 📺央视频道, Name: CCTV-2, Total: 9, Valid: 9, Valid Percent: 100.00%, Whitelist: 0, IPv4: 9, IPv6: 0, Min Delay: 363 ms, Max Speed: 3.07 M/s, Avg Speed: 2.87 M/s, Max Resolution: 1280x720
Category: 📺央视频道, Name: CCTV-3, Total: 10, Valid: 10, Valid Percent: 100.00%, Whitelist: 0, IPv4: 10, IPv6: 0, Min Delay: 52 ms, Max Speed: 105.88 M/s, Avg Speed: 34.73 M/s, Max Resolution: 1920x1080
Category: 📺央视频道, Name: CCTV-4, Total: 19, Valid: 19, Valid Percent: 100.00%, Whitelist: 0, IPv4: 19, IPv6: 0, Min Delay: 52 ms, Max Speed: 105.88 M/s, Avg Speed: 29.97 M/s, Max Resolution: 1920x1080
Category: 📺央视频道, Name: CCTV-5, Total: 28, Valid: 28, Valid Percent: 100.00%, Whitelist: 0, IPv4: 28, IPv6: 0, Min Delay: 52 ms, Max Speed: 105.88 M/s, Avg Speed: 20.61 M/s, Max Resolution: 1920x1080
Category: 📺央视频道, Name: CCTV-5+, Total: 8, Valid: 8, Valid Percent: 100.00%, Whitelist: 0, IPv4: 8, IPv6: 0, Min Delay: 324 ms, Max Speed: 7.55 M/s, Avg Speed: 2.44 M/s, Max Resolution: 1920x1080
Category: 📺央视频道, Name: CCTV-6, Total: 19, Valid: 19, Valid Percent: 100.00%, Whitelist: 0, IPv4: 19, IPv6: 0, Min Delay: 52 ms, Max Speed: 105.88 M/s, Avg Speed: 40.54 M/s, Max Resolution: 1920x1080
Category: 📺央视频道, Name: CCTV-7, Total: 17, Valid: 17, Valid Percent: 100.00%, Whitelist: 0, IPv4: 17, IPv6: 0, Min Delay: 52 ms, Max Speed: 105.88 M/s, Avg Speed: 45.11 M/s, Max Resolution: 1920x1080
Category: 📺央视频道, Name: CCTV-8, Total: 23, Valid: 23, Valid Percent: 100.00%, Whitelist: 0, IPv4: 23, IPv6: 0, Min Delay: 52 ms, Max Speed: 105.88 M/s, Avg Speed: 29.94 M/s, Max Resolution: 1920x1080
Category: 📺央视频道, Name: CCTV-9, Total: 19, Valid: 19, Valid Percent: 100.00%, Whitelist: 0, IPv4: 19, IPv6: 0, Min Delay: 52 ms, Max Speed: 105.88 M/s, Avg Speed: 41.13 M/s, Max Resolution: 1920x1080
Category: 📺央视频道, Name: CCTV-10, Total: 24, Valid: 24, Valid Percent: 100.00%, Whitelist: 0, IPv4: 24, IPv6: 0, Min Delay: 52 ms, Max Speed: 105.88 M/s, Avg Speed: 32.43 M/s, Max Resolution: 1920x1080
Category: 📺央视频道, Name: CCTV-11, Total: 19, Valid: 19, Valid Percent: 100.00%, Whitelist: 0, IPv4: 19, IPv6: 0, Min Delay: 52 ms, Max Speed: 105.88 M/s, Avg Speed: 35.35 M/s, Max Resolution: 1920x1080
Category: 📺央视频道, Name: CCTV-12, Total: 20, Valid: 20, Valid Percent: 100.00%, Whitelist: 0, IPv4: 20, IPv6: 0, Min Delay: 52 ms, Max Speed: 105.88 M/s, Avg Speed: 38.87 M/s, Max Resolution: 1920x1080
Category: 📺央视频道, Name: CCTV-13, Total: 22, Valid: 22, Valid Percent: 100.00%, Whitelist: 0, IPv4: 18, IPv6: 4, Min Delay: 52 ms, Max Speed: 105.88 M/s, Avg Speed: 35.14 M/s, Max Resolution: 1920x1080
Category: 📺央视频道, Name: CCTV-14, Total: 25, Valid: 25, Valid Percent: 100.00%, Whitelist: 0, IPv4: 22, IPv6: 3, Min Delay: 52 ms, Max Speed: 105.88 M/s, Avg Speed: 31.32 M/s, Max Resolution: 1920x1080
Category: 📺央视频道, Name: CCTV-15, Total: 22, Valid: 22, Valid Percent: 100.00%, Whitelist: 0, IPv4: 22, IPv6: 0, Min Delay: 52 ms, Max Speed: 105.88 M/s, Avg Speed: 35.38 M/s, Max Resolution: 1920x1080
Category: 📺央视频道, Name: CCTV-16, Total: 18, Valid: 18, Valid Percent: 100.00%, Whitelist: 0, IPv4: 18, IPv6: 0, Min Delay: 52 ms, Max Speed: 105.88 M/s, Avg Speed: 25.47 M/s, Max Resolution: 1920x1080
Category: 📺央视频道, Name: CCTV-17, Total: 20, Valid: 20, Valid Percent: 100.00%, Whitelist: 0, IPv4: 20, IPv6: 0, Min Delay: 52 ms, Max Speed: 105.88 M/s, Avg Speed: 38.87 M/s, Max Resolution: 1920x1080
Category: 📡卫视频道, Name: 广东卫视, Total: 13, Valid: 13, Valid Percent: 100.00%, Whitelist: 0, IPv4: 13, IPv6: 0, Min Delay: 52 ms, Max Speed: 105.88 M/s, Avg Speed: 50.47 M/s, Max Resolution: 1920x1080
Category: 📡卫视频道, Name: 浙江卫视, Total: 19, Valid: 19, Valid Percent: 100.00%, Whitelist: 0, IPv4: 17, IPv6: 2, Min Delay: 52 ms, Max Speed: 105.88 M/s, Avg Speed: 34.85 M/s, Max Resolution: 1920x1080
Category: 📡卫视频道, Name: 湖南卫视, Total: 22, Valid: 22, Valid Percent: 100.00%, Whitelist: 0, IPv4: 22, IPv6: 0, Min Delay: 20 ms, Max Speed: 105.88 M/s, Avg Speed: 35.86 M/s, Max Resolution: 1920x1080
Category: 📡卫视频道, Name: 北京卫视, Total: 17, Valid: 17, Valid Percent: 100.00%, Whitelist: 0, IPv4: 17, IPv6: 0, Min Delay: 20 ms, Max Speed: 105.88 M/s, Avg Speed: 39.24 M/s, Max Resolution: 1920x1080
Category: 📡卫视频道, Name: 湖北卫视, Total: 16, Valid: 16, Valid Percent: 100.00%, Whitelist: 0, IPv4: 16, IPv6: 0, Min Delay: 20 ms, Max Speed: 105.88 M/s, Avg Speed: 48.12 M/s, Max Resolution: 1920x1080
Category: 📡卫视频道, Name: 黑龙江卫视, Total: 15, Valid: 15, Valid Percent: 100.00%, Whitelist: 0, IPv4: 15, IPv6: 0, Min Delay: 20 ms, Max Speed: 105.88 M/s, Avg Speed: 51.30 M/s, Max Resolution: 1920x1080
Category: 📡卫视频道, Name: 安徽卫视, Total: 16, Valid: 16, Valid Percent: 100.00%, Whitelist: 0, IPv4: 16, IPv6: 0, Min Delay: 52 ms, Max Speed: 105.88 M/s, Avg Speed: 48.16 M/s, Max Resolution: 1920x1080
Category: 📡卫视频道, Name: 重庆卫视, Total: 17, Valid: 17, Valid Percent: 100.00%, Whitelist: 0, IPv4: 17, IPv6: 0, Min Delay: 20 ms, Max Speed: 105.88 M/s, Avg Speed: 51.52 M/s, Max Resolution: 1920x1080
Category: 📡卫视频道, Name: 东方卫视, Total: 18, Valid: 18, Valid Percent: 100.00%, Whitelist: 0, IPv4: 18, IPv6: 0, Min Delay: 52 ms, Max Speed: 105.88 M/s, Avg Speed: 48.55 M/s, Max Resolution: 1920x1080
Category: 📡卫视频道, Name: 东南卫视, Total: 16, Valid: 16, Valid Percent: 100.00%, Whitelist: 0, IPv4: 16, IPv6: 0, Min Delay: 52 ms, Max Speed: 105.88 M/s, Avg Speed: 60.84 M/s, Max Resolution: 1920x1080
Category: 📡卫视频道, Name: 甘肃卫视, Total: 11, Valid: 11, Valid Percent: 100.00%, Whitelist: 0, IPv4: 11, IPv6: 0, Min Delay: 52 ms, Max Speed: 105.88 M/s, Avg Speed: 68.18 M/s, Max Resolution: 1920x1080
Category: 📡卫视频道, Name: 广西卫视, Total: 16, Valid: 15, Valid Percent: 93.75%, Whitelist: 0, IPv4: 16, IPv6: 0, Min Delay: 52 ms, Max Speed: 105.88 M/s, Avg Speed: 64.56 M/s, Max Resolution: 1920x1080
Category: 📡卫视频道, Name: 贵州卫视, Total: 17, Valid: 17, Valid Percent: 100.00%, Whitelist: 0, IPv4: 17, IPv6: 0, Min Delay: 52 ms, Max Speed: 105.88 M/s, Avg Speed: 63.66 M/s, Max Resolution: 1920x1080
Category: 📡卫视频道, Name: 海南卫视, Total: 11, Valid: 11, Valid Percent: 100.00%, Whitelist: 0, IPv4: 11, IPv6: 0, Min Delay: 20 ms, Max Speed: 105.88 M/s, Avg Speed: 68.51 M/s, Max Resolution: 1920x1080
Category: 📡卫视频道, Name: 河北卫视, Total: 18, Valid: 18, Valid Percent: 100.00%, Whitelist: 0, IPv4: 18, IPv6: 0, Min Delay: 20 ms, Max Speed: 105.88 M/s, Avg Speed: 54.68 M/s, Max Resolution: 1920x1080
Category: 📡卫视频道, Name: 河南卫视, Total: 19, Valid: 19, Valid Percent: 100.00%, Whitelist: 0, IPv4: 19, IPv6: 0, Min Delay: 52 ms, Max Speed: 105.88 M/s, Avg Speed: 57.27 M/s, Max Resolution: 1920x1080
Category: 📡卫视频道, Name: 吉林卫视, Total: 13, Valid: 13, Valid Percent: 100.00%, Whitelist: 0, IPv4: 13, IPv6: 0, Min Delay: 52 ms, Max Speed: 105.88 M/s, Avg Speed: 50.67 M/s, Max Resolution: 1920x1080
Category: 📡卫视频道, Name: 江苏卫视, Total: 19, Valid: 19, Valid Percent: 100.00%, Whitelist: 0, IPv4: 19, IPv6: 0, Min Delay: 52 ms, Max Speed: 148.28 M/s, Avg Speed: 56.03 M/s, Max Resolution: 1920x1080
Category: 📡卫视频道, Name: 江西卫视, Total: 15, Valid: 15, Valid Percent: 100.00%, Whitelist: 0, IPv4: 15, IPv6: 0, Min Delay: 20 ms, Max Speed: 105.88 M/s, Avg Speed: 51.30 M/s, Max Resolution: 1920x1080
Category: 📡卫视频道, Name: 辽宁卫视, Total: 16, Valid: 16, Valid Percent: 100.00%, Whitelist: 0, IPv4: 16, IPv6: 0, Min Delay: 52 ms, Max Speed: 105.88 M/s, Avg Speed: 54.43 M/s, Max Resolution: 1920x1080
Category: 📡卫视频道, Name: 内蒙古卫视, Total: 15, Valid: 15, Valid Percent: 100.00%, Whitelist: 0, IPv4: 14, IPv6: 1, Min Delay: 20 ms, Max Speed: 105.88 M/s, Avg Speed: 37.02 M/s, Max Resolution: 1920x1080
Category: 📡卫视频道, Name: 宁夏卫视, Total: 13, Valid: 13, Valid Percent: 100.00%, Whitelist: 0, IPv4: 13, IPv6: 0, Min Delay: 52 ms, Max Speed: 105.88 M/s, Avg Speed: 50.51 M/s, Max Resolution: 1920x1080
Category: 📡卫视频道, Name: 青海卫视, Total: 18, Valid: 18, Valid Percent: 100.00%, Whitelist: 0, IPv4: 16, IPv6: 2, Min Delay: 20 ms, Max Speed: 105.88 M/s, Avg Speed: 48.92 M/s, Max Resolution: 1920x1080
Category: 📡卫视频道, Name: 山东卫视, Total: 16, Valid: 16, Valid Percent: 100.00%, Whitelist: 0, IPv4: 16, IPv6: 0, Min Delay: 52 ms, Max Speed: 105.88 M/s, Avg Speed: 48.00 M/s, Max Resolution: 1920x1080
Category: 📡卫视频道, Name: 山西卫视, Total: 12, Valid: 12, Valid Percent: 100.00%, Whitelist: 0, IPv4: 12, IPv6: 0, Min Delay: 20 ms, Max Speed: 105.88 M/s, Avg Speed: 46.05 M/s, Max Resolution: 1920x1080
Category: 📡卫视频道, Name: 陕西卫视, Total: 12, Valid: 12, Valid Percent: 100.00%, Whitelist: 0, IPv4: 12, IPv6: 0, Min Delay: 20 ms, Max Speed: 105.88 M/s, Avg Speed: 28.87 M/s, Max Resolution: 1920x1080
Category: 📡卫视频道, Name: 四川卫视, Total: 18, Valid: 18, Valid Percent: 100.00%, Whitelist: 0, IPv4: 18, IPv6: 0, Min Delay: 20 ms, Max Speed: 105.88 M/s, Avg Speed: 60.40 M/s, Max Resolution: 1920x1080
Category: 📡卫视频道, Name: 深圳卫视, Total: 19, Valid: 19, Valid Percent: 100.00%, Whitelist: 0, IPv4: 19, IPv6: 0, Min Delay: 52 ms, Max Speed: 105.88 M/s, Avg Speed: 40.58 M/s, Max Resolution: 1920x1080
Category: 📡卫视频道, Name: 三沙卫视, Total: 11, Valid: 11, Valid Percent: 100.00%, Whitelist: 0, IPv4: 11, IPv6: 0, Min Delay: 52 ms, Max Speed: 105.88 M/s, Avg Speed: 59.40 M/s, Max Resolution: 1920x1080
Category: 📡卫视频道, Name: 天津卫视, Total: 16, Valid: 16, Valid Percent: 100.00%, Whitelist: 0, IPv4: 16, IPv6: 0, Min Delay: 52 ms, Max Speed: 105.88 M/s, Avg Speed: 41.20 M/s, Max Resolution: 1920x1080
Category: 📡卫视频道, Name: 西藏卫视, Total: 13, Valid: 13, Valid Percent: 100.00%, Whitelist: 0, IPv4: 11, IPv6: 2, Min Delay: 20 ms, Max Speed: 105.88 M/s, Avg Speed: 42.69 M/s, Max Resolution: 1920x1080
Category: 📡卫视频道, Name: 新疆卫视, Total: 15, Valid: 15, Valid Percent: 100.00%, Whitelist: 0, IPv4: 14, IPv6: 1, Min Delay: 20 ms, Max Speed: 105.88 M/s, Avg Speed: 37.23 M/s, Max Resolution: 1920x1080
Category: 📡卫视频道, Name: 云南卫视, Total: 18, Valid: 18, Valid Percent: 100.00%, Whitelist: 0, IPv4: 17, IPv6: 1, Min Delay: 52 ms, Max Speed: 105.88 M/s, Avg Speed: 54.28 M/s, Max Resolution: 1920x1080
